[2025-12-27 05:28:50] laravel.EMERGENCY: Unable to create configured logger. Using emergency logger. {"exception":"[object] (InvalidArgumentException(code: 0): Log [] is not defined. at /home/runner/work/laravel-framework/laravel-framework/vendor/laravel/framework/src/Illuminate/Log/LogManager.php:232)
[stacktrace]
#0 /home/runner/work/laravel-framework/laravel-framework/vendor/laravel/framework/src/Illuminate/Log/LogManager.php(139): Illuminate\\Log\\LogManager->resolve()
#1 /home/runner/work/laravel-framework/laravel-framework/vendor/laravel/framework/src/Illuminate/Log/LogManager.php(126): Illuminate\\Log\\LogManager->get()
#2 /home/runner/work/laravel-framework/laravel-framework/vendor/laravel/framework/src/Illuminate/Log/LogManager.php(701): Illuminate\\Log\\LogManager->driver()
#3 /home/runner/work/laravel-framework/laravel-framework/vendor/laravel/framework/src/Illuminate/Foundation/Exceptions/Handler.php(380): Illuminate\\Log\\LogManager->error()
#4 /home/runner/work/laravel-framework/laravel-framework/vendor/laravel/framework/src/Illuminate/Foundation/Exceptions/Handler.php(343): Illuminate\\Foundation\\Exceptions\\Handler->reportThrowable()
#5 /home/runner/work/laravel-framework/laravel-framework/vendor/laravel/framework/src/Illuminate/Foundation/Console/Kernel.php(621): Illuminate\\Foundation\\Exceptions\\Handler->report()
#6 /home/runner/work/laravel-framework/laravel-framework/vendor/laravel/framework/src/Illuminate/Foundation/Console/Kernel.php(200): Illuminate\\Foundation\\Console\\Kernel->reportException()
#7 /home/runner/work/laravel-framework/laravel-framework/artisan(35): Illuminate\\Foundation\\Console\\Kernel->handle()
#8 {main}
"} 
[2025-12-27 05:28:50] laravel.ERROR: Class "Maatwebsite\Excel\Excel" not found {"exception":"[object] (Error(code: 0): Class \"Maatwebsite\\Excel\\Excel\" not found at /home/runner/work/laravel-framework/laravel-framework/config/excel.php:163)
[stacktrace]
#0 /home/runner/work/laravel-framework/laravel-framework/vendor/laravel/framework/src/Illuminate/Foundation/Bootstrap/LoadConfiguration.php(97): require()
#1 /home/runner/work/laravel-framework/laravel-framework/vendor/laravel/framework/src/Illuminate/Foundation/Bootstrap/LoadConfiguration.php(97): Illuminate\\Foundation\\Bootstrap\\LoadConfiguration->Illuminate\\Foundation\\Bootstrap\\{closure}()
#2 /home/runner/work/laravel-framework/laravel-framework/vendor/laravel/framework/src/Illuminate/Foundation/Bootstrap/LoadConfiguration.php(78): Illuminate\\Foundation\\Bootstrap\\LoadConfiguration->loadConfigurationFile()
#3 /home/runner/work/laravel-framework/laravel-framework/vendor/laravel/framework/src/Illuminate/Foundation/Bootstrap/LoadConfiguration.php(39): Illuminate\\Foundation\\Bootstrap\\LoadConfiguration->loadConfigurationFiles()
#4 /home/runner/work/laravel-framework/laravel-framework/vendor/laravel/framework/src/Illuminate/Foundation/Application.php(342): Illuminate\\Foundation\\Bootstrap\\LoadConfiguration->bootstrap()
#5 /home/runner/work/laravel-framework/laravel-framework/vendor/laravel/framework/src/Illuminate/Foundation/Console/Kernel.php(474): Illuminate\\Foundation\\Application->bootstrapWith()
#6 /home/runner/work/laravel-framework/laravel-framework/vendor/laravel/framework/src/Illuminate/Foundation/Console/Kernel.php(196): Illuminate\\Foundation\\Console\\Kernel->bootstrap()
#7 /home/runner/work/laravel-framework/laravel-framework/artisan(35): Illuminate\\Foundation\\Console\\Kernel->handle()
#8 {main}
"} 
[2025-12-27 05:28:59] laravel.EMERGENCY: Unable to create configured logger. Using emergency logger. {"exception":"[object] (InvalidArgumentException(code: 0): Log [] is not defined. at /home/runner/work/laravel-framework/laravel-framework/vendor/laravel/framework/src/Illuminate/Log/LogManager.php:232)
[stacktrace]
#0 /home/runner/work/laravel-framework/laravel-framework/vendor/laravel/framework/src/Illuminate/Log/LogManager.php(139): Illuminate\\Log\\LogManager->resolve()
#1 /home/runner/work/laravel-framework/laravel-framework/vendor/laravel/framework/src/Illuminate/Log/LogManager.php(126): Illuminate\\Log\\LogManager->get()
#2 /home/runner/work/laravel-framework/laravel-framework/vendor/laravel/framework/src/Illuminate/Log/LogManager.php(701): Illuminate\\Log\\LogManager->driver()
#3 /home/runner/work/laravel-framework/laravel-framework/vendor/laravel/framework/src/Illuminate/Foundation/Exceptions/Handler.php(380): Illuminate\\Log\\LogManager->error()
#4 /home/runner/work/laravel-framework/laravel-framework/vendor/laravel/framework/src/Illuminate/Foundation/Exceptions/Handler.php(343): Illuminate\\Foundation\\Exceptions\\Handler->reportThrowable()
#5 /home/runner/work/laravel-framework/laravel-framework/vendor/laravel/framework/src/Illuminate/Foundation/Console/Kernel.php(621): Illuminate\\Foundation\\Exceptions\\Handler->report()
#6 /home/runner/work/laravel-framework/laravel-framework/vendor/laravel/framework/src/Illuminate/Foundation/Console/Kernel.php(200): Illuminate\\Foundation\\Console\\Kernel->reportException()
#7 /home/runner/work/laravel-framework/laravel-framework/artisan(35): Illuminate\\Foundation\\Console\\Kernel->handle()
#8 {main}
"} 
[2025-12-27 05:28:59] laravel.ERROR: Class "Maatwebsite\Excel\Excel" not found {"exception":"[object] (Error(code: 0): Class \"Maatwebsite\\Excel\\Excel\" not found at /home/runner/work/laravel-framework/laravel-framework/config/excel.php:163)
[stacktrace]
#0 /home/runner/work/laravel-framework/laravel-framework/vendor/laravel/framework/src/Illuminate/Foundation/Bootstrap/LoadConfiguration.php(97): require()
#1 /home/runner/work/laravel-framework/laravel-framework/vendor/laravel/framework/src/Illuminate/Foundation/Bootstrap/LoadConfiguration.php(97): Illuminate\\Foundation\\Bootstrap\\LoadConfiguration->Illuminate\\Foundation\\Bootstrap\\{closure}()
#2 /home/runner/work/laravel-framework/laravel-framework/vendor/laravel/framework/src/Illuminate/Foundation/Bootstrap/LoadConfiguration.php(78): Illuminate\\Foundation\\Bootstrap\\LoadConfiguration->loadConfigurationFile()
#3 /home/runner/work/laravel-framework/laravel-framework/vendor/laravel/framework/src/Illuminate/Foundation/Bootstrap/LoadConfiguration.php(39): Illuminate\\Foundation\\Bootstrap\\LoadConfiguration->loadConfigurationFiles()
#4 /home/runner/work/laravel-framework/laravel-framework/vendor/laravel/framework/src/Illuminate/Foundation/Application.php(342): Illuminate\\Foundation\\Bootstrap\\LoadConfiguration->bootstrap()
#5 /home/runner/work/laravel-framework/laravel-framework/vendor/laravel/framework/src/Illuminate/Foundation/Console/Kernel.php(474): Illuminate\\Foundation\\Application->bootstrapWith()
#6 /home/runner/work/laravel-framework/laravel-framework/vendor/laravel/framework/src/Illuminate/Foundation/Console/Kernel.php(196): Illuminate\\Foundation\\Console\\Kernel->bootstrap()
#7 /home/runner/work/laravel-framework/laravel-framework/artisan(35): Illuminate\\Foundation\\Console\\Kernel->handle()
#8 {main}
"} 
